.\venv\Scripts\python.exe 
: Creating test database 
for alias 'default'...
Au caractère Ligne:1 : 1
+ 
.\venv\Scripts\python.exe 
manage.py test messaging.te
sts.Notification ...
+ ~~~~~~~~~~~~~~~~~~~~~~~~~
~~~~~~~~~~~~~~~~~~~~~~~~~~~
~~~~~~~~~~~~~~~~~
    + CategoryInfo         
     : NotSpecified: (Cre  
  ating test d...as 'def   
 ault'...:String) [], R    
emoteException
    + FullyQualifiedErrorI 
   d : NativeCommandError
 

Found 4 test(s).
System check identified no issues (0 silenced).
FINFO 2026-02-18 
16:16:40,916 utils 39324 
31232 Email sent 
successfully to 
client@test.fr with 
template message_received
.INFO 2026-02-18 
16:16:44,048 utils 39324 
31232 Email sent 
successfully to 
fodjoarmal@gmail.com with 
template ticket_created
..
===========================
===========================
================
FAIL: test_notification_on_
client_reply (messaging.tes
ts.NotificationAPITest.test
_notification_on_client_rep
ly)
Admin should receive a 
notification when client 
replies.
---------------------------
---------------------------
----------------
Traceback (most recent 
call last):
  File "C:\Users\bytes\OneD
rive\Documents\DEV Bytes\te
st\server\messaging\tests.p
y", line 293, in test_notif
ication_on_client_reply
    self.assertIn('client 
a rÚpondu', notif.message)
    ~~~~~~~~~~~~~^^^^^^^^^^
^^^^^^^^^^^^^^^^^^^^^^^^^
AssertionError: 'client a 
rÚpondu' not found in 'Le 
client  a rÚpondu au 
ticket : Initial Ticket'

---------------------------
---------------------------
----------------
Ran 4 tests in 10.684s

FAILED (failures=1)
Destroying test database 
for alias 'default'...

